errors/missing-bra.sbl:2: ( omitted after strings
errors/missing-bra.sbl:4: ( omitted after backwardmode
errors/missing-bra.sbl:6: ( omitted after among
