errors/notdefined.sbl:4: routine 'r' declared but not defined
errors/notdefined.sbl:4: grouping 'g' declared but not defined
