errors/wrongdirection.sbl:13: routine 'remove_suffix' mis-used in string forward mode
